// Jest Snapshot v1, https://goo.gl/fbAQLP

exports[`renders homepage unchanged 1`] = `
<div>
  <nav
    class="sc-bdvvtL igpZwm d-flex justify-content-around align-items-center"
  >
    <a
      href="/"
    >
      Home
    </a>
    <a
      href="/home"
    >
      Stellenanzeigen Home
    </a>
    <a
      href="/suche"
    >
      Suche
    </a>
  </nav>
</div>
`;
